../Core/Src/main.c:158:6:uart_receive_line	24	static
../Core/Src/main.c:176:5:main	8	static
../Core/Src/main.c:298:6:SystemClock_Config	88	static
../Core/Src/main.c:345:13:MX_TIM2_Init	64	static
../Core/Src/main.c:408:13:MX_TIM3_Init	64	static
../Core/Src/main.c:471:13:MX_TIM4_Init	64	static
../Core/Src/main.c:530:13:MX_TIM8_Init	56	static
../Core/Src/main.c:590:13:MX_TIM15_Init	56	static
../Core/Src/main.c:653:13:MX_TIM16_Init	88	static
../Core/Src/main.c:716:13:MX_TIM17_Init	88	static
../Core/Src/main.c:779:13:MX_USART3_UART_Init	8	static
../Core/Src/main.c:825:13:MX_DMA_Init	16	static
../Core/Src/main.c:850:13:MX_GPIO_Init	40	static
../Core/Src/main.c:896:6:HAL_TIM_IC_CaptureCallback	40	static
../Core/Src/main.c:954:6:HAL_TIM_PWM_PulseFinishedCallback	16	static
../Core/Src/main.c:960:6:HAL_UART_TxCpltCallback	24	static,ignoring_inline_asm
../Core/Src/main.c:1003:6:to_binary	24	static
../Core/Src/main.c:1025:6:vLineFollowerTask	80	static
../Core/Src/main.c:1126:6:vRGBLightTask	32	static
../Core/Src/main.c:1158:6:vStatusPrintTask	24	static
../Core/Src/main.c:1200:6:HAL_TIM_PeriodElapsedCallback	16	static
../Core/Src/main.c:1221:6:Error_Handler	4	static,ignoring_inline_asm
