../Core/Src/myJoyCar/SensorsControl/sensors.c:30:6:USS_Init	24	static
../Core/Src/myJoyCar/SensorsControl/sensors.c:37:10:USS_get_value	24	static
../Core/Src/myJoyCar/SensorsControl/sensors.c:48:6:printDistance	88	static
../Core/Src/myJoyCar/SensorsControl/sensors.c:63:10:get_LTS_value	24	static
../Core/Src/myJoyCar/SensorsControl/sensors.c:107:6:printLinePos	88	static
../Core/Src/myJoyCar/SensorsControl/sensors.c:127:10:get_IPS_value	24	static
../Core/Src/myJoyCar/SensorsControl/sensors.c:137:6:printObstaclePos	88	static
../Core/Src/myJoyCar/SensorsControl/sensors.c:163:6:Set_LED	24	static
../Core/Src/myJoyCar/SensorsControl/sensors.c:171:6:Set_Brightness	40	static
../Core/Src/myJoyCar/SensorsControl/sensors.c:189:6:WS2812_Send	32	static
../Core/Src/myJoyCar/SensorsControl/sensors.c:232:6:Speed_Init	16	static
../Core/Src/myJoyCar/SensorsControl/sensors.c:248:10:GetTIMClockHz	32	static
../Core/Src/myJoyCar/SensorsControl/sensors.c:259:7:period_to_rpm	32	static
../Core/Src/myJoyCar/SensorsControl/sensors.c:278:12:Speed_Get	48	static
../Core/Src/myJoyCar/SensorsControl/sensors.c:292:6:printMotorSpeed	120	static
